

================================================================
== Vivado HLS Report for 'cholesky_alt4'
================================================================
* Date:           Wed Aug  8 19:07:40 2018

* Version:        2018.2 (Build 2258646 on Thu Jun 14 20:25:20 MDT 2018)
* Project:        csynth
* Solution:       solution1
* Product family: zynquplus
* Target device:  xczu7ev-ffvc1156-2-e


================================================================
== Performance Estimates
================================================================
+ Timing (ns): 
    * Summary: 
    +--------+-------+----------+------------+
    |  Clock | Target| Estimated| Uncertainty|
    +--------+-------+----------+------------+
    |ap_clk  |  35.00|    30.588|        4.38|
    +--------+-------+----------+------------+

+ Latency (clock cycles): 
    * Summary: 
    +-----+-----+-----+-----+---------+
    |  Latency  |  Interval | Pipeline|
    | min | max | min | max |   Type  |
    +-----+-----+-----+-----+---------+
    |   29|  137|   29|  137|   none  |
    +-----+-----+-----+-----+---------+

    + Detail: 
        * Instance: 
        N/A

        * Loop: 
        +---------------+-----+-----+----------+-----------+-----------+-------+----------+
        |               |  Latency  | Iteration|  Initiation Interval  |  Trip |          |
        |   Loop Name   | min | max |  Latency |  achieved |   target  | Count | Pipelined|
        +---------------+-----+-----+----------+-----------+-----------+-------+----------+
        |- row_loop     |   28|  136|  7 ~ 34  |          -|          -|      4|    no    |
        | + col_loop    |    0|   27|   6 ~ 9  |          -|          -| 0 ~ 3 |    no    |
        |  ++ sum_loop  |    0|    3|         2|          1|          1| 0 ~ 3 |    yes   |
        +---------------+-----+-----+----------+-----------+-----------+-------+----------+



================================================================
== Utilization Estimates
================================================================
* Summary: 
+-----------------+---------+-------+--------+--------+-----+
|       Name      | BRAM_18K| DSP48E|   FF   |   LUT  | URAM|
+-----------------+---------+-------+--------+--------+-----+
|DSP              |        -|      -|       -|       -|    -|
|Expression       |        -|      0|       0|     620|    -|
|FIFO             |        -|      -|       -|       -|    -|
|Instance         |        -|     17|     747|    1299|    -|
|Memory           |        0|      -|      64|       3|    -|
|Multiplexer      |        -|      -|       -|     311|    -|
|Register         |        -|      -|     426|       -|    -|
+-----------------+---------+-------+--------+--------+-----+
|Total            |        0|     17|    1237|    2233|    0|
+-----------------+---------+-------+--------+--------+-----+
|Available        |      624|   1728|  460800|  230400|   96|
+-----------------+---------+-------+--------+--------+-----+
|Utilization (%)  |        0|   ~0  |   ~0   |   ~0   |    0|
+-----------------+---------+-------+--------+--------+-----+

+ Detail: 
    * Instance: 
    +-------------------------+----------------------+---------+-------+-----+-----+
    |         Instance        |        Module        | BRAM_18K| DSP48E|  FF | LUT |
    +-------------------------+----------------------+---------+-------+-----+-----+
    |cholesky_inverse_cud_U1  |cholesky_inverse_cud  |        0|      2|  177|  194|
    |cholesky_inverse_dEe_U2  |cholesky_inverse_dEe  |        0|      3|  128|  135|
    |cholesky_inverse_dEe_U3  |cholesky_inverse_dEe  |        0|      3|  128|  135|
    |cholesky_inverse_eOg_U4  |cholesky_inverse_eOg  |        0|      0|   66|   72|
    |cholesky_inverse_fYi_U5  |cholesky_inverse_fYi  |        0|      0|   96|  495|
    |cholesky_inverse_g8j_U6  |cholesky_inverse_g8j  |        0|      9|  152|  268|
    +-------------------------+----------------------+---------+-------+-----+-----+
    |Total                    |                      |        0|     17|  747| 1299|
    +-------------------------+----------------------+---------+-------+-----+-----+

    * DSP48: 
    N/A

    * Memory: 
    +--------------+----------------------+---------+----+----+------+-----+------+-------------+
    |    Memory    |        Module        | BRAM_18K| FF | LUT| Words| Bits| Banks| W*Bits*Banks|
    +--------------+----------------------+---------+----+----+------+-----+------+-------------+
    |L_internal_U  |cholesky_alt4_L_ibkb  |        0|  64|   3|     6|   32|     1|          192|
    +--------------+----------------------+---------+----+----+------+-----+------+-------------+
    |Total         |                      |        0|  64|   3|     6|   32|     1|          192|
    +--------------+----------------------+---------+----+----+------+-----+------+-------------+

    * FIFO: 
    N/A

    * Expression: 
    +-----------------------------+----------+-------+---+----+------------+------------+
    |        Variable Name        | Operation| DSP48E| FF| LUT| Bitwidth P0| Bitwidth P1|
    +-----------------------------+----------+-------+---+----+------------+------------+
    |tmp_7_cast_fu_530_p2         |     *    |      0|  0|   7|           2|           2|
    |tmp_cast_fu_355_p2           |     *    |      0|  0|   8|           3|           3|
    |i_fu_335_p2                  |     +    |      0|  0|  11|           3|           1|
    |i_off_fu_435_p2              |     +    |      0|  0|  15|           6|           6|
    |i_sub1_fu_341_p2             |     +    |      0|  0|  11|           3|           2|
    |j_fu_483_p2                  |     +    |      0|  0|   9|           2|           1|
    |j_sub1_fu_516_p2             |     +    |      0|  0|   9|           2|           2|
    |k_1_fu_629_p2                |     +    |      0|  0|   9|           2|           1|
    |tmp18_fu_653_p2              |     +    |      0|  0|  10|           5|           5|
    |tmp_12_fu_683_p2             |     +    |      0|  0|  15|           6|           6|
    |tmp_14_fu_643_p2             |     +    |      0|  0|  15|           6|           6|
    |tmp_17_fu_658_p2             |     +    |      0|  0|  10|           5|           5|
    |tmp_21_fu_461_p2             |     +    |      0|  0|  15|           6|           6|
    |tmp_33_fu_501_p2             |     +    |      0|  0|  15|           5|           5|
    |p_neg1_fu_550_p2             |     -    |      0|  0|  11|           1|           3|
    |p_neg_fu_375_p2              |     -    |      0|  0|  12|           1|           4|
    |p_neg_t1_fu_574_p2           |     -    |      0|  0|  12|           1|           4|
    |p_neg_t_fu_399_p2            |     -    |      0|  0|  15|           1|           5|
    |tmp_8_fu_536_p2              |     -    |      0|  0|  11|           3|           3|
    |tmp_s_fu_361_p2              |     -    |      0|  0|  12|           4|           4|
    |tmp_25_fu_727_p2             |    and   |      0|  0|   2|           1|           1|
    |exitcond3_fu_477_p2          |   icmp   |      0|  0|   9|           3|           3|
    |exitcond4_fu_329_p2          |   icmp   |      0|  0|   9|           3|           4|
    |exitcond_fu_623_p2           |   icmp   |      0|  0|   8|           2|           2|
    |notlhs_fu_709_p2             |   icmp   |      0|  0|  11|           8|           2|
    |notrhs_fu_715_p2             |   icmp   |      0|  0|  20|          23|           1|
    |sel_tmp2_fu_766_p2           |   icmp   |      0|  0|   8|           2|           1|
    |sel_tmp4_fu_779_p2           |   icmp   |      0|  0|   8|           2|           1|
    |sel_tmp_fu_753_p2            |   icmp   |      0|  0|   9|           2|           3|
    |tmp_23_fu_721_p2             |    or    |      0|  0|   2|           1|           1|
    |diag_internal_2_1_fu_758_p3  |  select  |      0|  0|  32|           1|          32|
    |diag_internal_2_2_fu_771_p3  |  select  |      0|  0|  32|           1|          32|
    |diag_internal_2_3_fu_784_p3  |  select  |      0|  0|  32|           1|          32|
    |diag_internal_2_5_fu_792_p3  |  select  |      0|  0|  32|           1|          32|
    |diag_internal_2_6_fu_800_p3  |  select  |      0|  0|  32|           1|          32|
    |diag_internal_2_8_fu_808_p3  |  select  |      0|  0|  32|           1|          32|
    |new_L_fu_745_p3              |  select  |      0|  0|  32|           1|           1|
    |p_0_i_fu_733_p3              |  select  |      0|  0|  32|           1|           1|
    |tmp_4_fu_423_p3              |  select  |      0|  0|   5|           1|           5|
    |tmp_6_fu_598_p3              |  select  |      0|  0|   4|           1|           4|
    |ap_enable_pp0                |    xor   |      0|  0|   2|           1|           2|
    |ap_enable_reg_pp0_iter1      |    xor   |      0|  0|   2|           2|           1|
    |tmp_17_neg_fu_672_p2         |    xor   |      0|  0|  33|          32|          33|
    +-----------------------------+----------+-------+---+----+------------+------------+
    |Total                        |          |      0|  0| 620|         159|         332|
    +-----------------------------+----------+-------+---+----+------------+------------+

    * Multiplexer: 
    +------------------------------+----+-----------+-----+-----------+
    |             Name             | LUT| Input Size| Bits| Total Bits|
    +------------------------------+----+-----------+-----+-----------+
    |A_address0                    |  15|          3|    4|         12|
    |L_address0                    |  21|          4|    4|         16|
    |L_d0                          |  21|          4|   32|        128|
    |L_diag_recip_reg_274          |  15|          3|   32|         96|
    |L_internal_address0           |  15|          3|    3|          9|
    |ap_NS_fsm                     |  59|         14|    1|         14|
    |ap_enable_reg_pp0_iter1       |  15|          3|    1|          3|
    |ap_return                     |   9|          2|   32|         64|
    |grp_fu_288_opcode             |  15|          3|    2|          6|
    |grp_fu_288_p0                 |  21|          4|   32|        128|
    |grp_fu_288_p1                 |  21|          4|   32|        128|
    |grp_fu_296_p0                 |  15|          3|   32|         96|
    |grp_fu_296_p1                 |  15|          3|   32|         96|
    |indvars_iv1_reg_205           |   9|          2|    3|          6|
    |indvars_iv_reg_229            |   9|          2|    2|          4|
    |k_reg_263                     |   9|          2|    2|          4|
    |prod_cast_to_off_dia_reg_253  |   9|          2|   32|         64|
    |return_code_reg_217           |   9|          2|   32|         64|
    |square_sum_reg_241            |   9|          2|   32|         64|
    +------------------------------+----+-----------+-----+-----------+
    |Total                         | 311|         65|  342|       1002|
    +------------------------------+----+-----------+-----+-----------+

    * Register: 
    +------------------------------+----+----+-----+-----------+
    |             Name             | FF | LUT| Bits| Const Bits|
    +------------------------------+----+----+-----+-----------+
    |A_addr_reg_835                |   4|   0|    4|          0|
    |A_minus_sum_reg_922           |  32|   0|   32|          0|
    |L_addr_1_reg_858              |   4|   0|    4|          0|
    |L_addr_2_reg_878              |   4|   0|    4|          0|
    |L_addr_reg_840                |   4|   0|    4|          0|
    |L_diag_recip_reg_274          |  32|   0|   32|          0|
    |ap_CS_fsm                     |  13|   0|   13|          0|
    |ap_enable_reg_pp0_iter0       |   1|   0|    1|          0|
    |ap_enable_reg_pp0_iter1       |   1|   0|    1|          0|
    |ap_return_preg                |  32|   0|   32|          0|
    |diag_internal_2_4_reg_181     |  32|   0|   32|          0|
    |diag_internal_2_7_reg_193     |  32|   0|   32|          0|
    |diag_internal_2_s_reg_169     |  32|   0|   32|          0|
    |exitcond_reg_888              |   1|   0|    1|          0|
    |i_off_reg_824                 |   6|   0|    6|          0|
    |i_reg_819                     |   3|   0|    3|          0|
    |indvars_iv1_reg_205           |   3|   0|    3|          0|
    |indvars_iv_cast1_reg_863      |   2|   0|    6|          4|
    |indvars_iv_reg_229            |   2|   0|    2|          0|
    |j_reg_848                     |   2|   0|    2|          0|
    |j_sub1_cast20_cast_reg_868    |   5|   0|    5|          0|
    |k_reg_263                     |   2|   0|    2|          0|
    |p_0_i_reg_933                 |  32|   0|   32|          0|
    |prod_cast_to_off_dia_reg_253  |  32|   0|   32|          0|
    |return_code_reg_217           |  32|   0|   32|          0|
    |square_sum_1_reg_917          |  32|   0|   32|          0|
    |square_sum_reg_241            |  32|   0|   32|          0|
    |tmp_12_reg_912                |   6|   0|    6|          0|
    |tmp_25_reg_928                |   1|   0|    1|          0|
    |tmp_26_reg_938                |   2|   0|    2|          0|
    |tmp_2_cast1_reg_830           |   3|   0|    5|          2|
    |tmp_9_cast_reg_873            |   5|   0|    5|          0|
    +------------------------------+----+----+-----+-----------+
    |Total                         | 426|   0|  432|          6|
    +------------------------------+----+----+-----+-----------+



================================================================
== Interface
================================================================
* Summary: 
+------------+-----+-----+------------+---------------+--------------+
|  RTL Ports | Dir | Bits|  Protocol  | Source Object |    C Type    |
+------------+-----+-----+------------+---------------+--------------+
|ap_clk      |  in |    1| ap_ctrl_hs | cholesky_alt4 | return value |
|ap_rst      |  in |    1| ap_ctrl_hs | cholesky_alt4 | return value |
|ap_start    |  in |    1| ap_ctrl_hs | cholesky_alt4 | return value |
|ap_done     | out |    1| ap_ctrl_hs | cholesky_alt4 | return value |
|ap_idle     | out |    1| ap_ctrl_hs | cholesky_alt4 | return value |
|ap_ready    | out |    1| ap_ctrl_hs | cholesky_alt4 | return value |
|ap_return   | out |   32| ap_ctrl_hs | cholesky_alt4 | return value |
|A_address0  | out |    4|  ap_memory |       A       |     array    |
|A_ce0       | out |    1|  ap_memory |       A       |     array    |
|A_q0        |  in |   32|  ap_memory |       A       |     array    |
|L_address0  | out |    4|  ap_memory |       L       |     array    |
|L_ce0       | out |    1|  ap_memory |       L       |     array    |
|L_we0       | out |    1|  ap_memory |       L       |     array    |
|L_d0        | out |   32|  ap_memory |       L       |     array    |
+------------+-----+-----+------------+---------------+--------------+

